// Vitest Snapshot v1, https://vitest.dev/guide/snapshot.html

exports[`Navbar > renders correctly 1`] = `
<DocumentFragment>
  <div
    class="flex w-full items-center gap-2"
  >
    <div
      class="flex-grow"
    >
      Station
    </div>
    <div
      class="flex items-center gap-1.5"
    >
      10 mins
    </div>
  </div>
</DocumentFragment>
`;
